{
  "name": "default",
  "dir": "/src",
  "file": "/src/graphql.config.yml",
  "isDefault": true,
  "isLegacy": false,
  "isRootEmpty": false,
  "schema": [
    {
      "pattern": "schema.graphql",
      "filePath": "schema.graphql",
      "globPath": "schema.graphql",
      "url": null,
      "headers": {},
      "isRemote": false
    },
    {
      "pattern": "/user/some/custom/path",
      "filePath": "/user/some/custom/path",
      "globPath": "/user/some/custom/path",
      "url": null,
      "headers": {},
      "isRemote": false
    },
    {
      "pattern": "https://default.com/graphql",
      "filePath": null,
      "globPath": null,
      "url": "https://default.com/graphql",
      "headers": {},
      "isRemote": true
    },
    {
      "pattern": "not/default/anymore/file.graphql",
      "filePath": "not/default/anymore/file.graphql",
      "globPath": "not/default/anymore/file.graphql",
      "url": null,
      "headers": {},
      "isRemote": false
    },
    {
      "pattern": "https://google.com",
      "filePath": null,
      "globPath": null,
      "url": "https://google.com",
      "headers": {
        "Authorization": "Bearer 7FGD63HHDY373UFDSJF838FSNDFK3922WSJ99"
      },
      "isRemote": true
    }
  ],
  "documents": [
    "path.graphql",
    "/user/some/custom/path"
  ],
  "include": [
    "/user/some/custom/path"
  ],
  "exclude": [
    "/user/some/custom/path"
  ],
  "extensions": {
    "endpoints": {
      "one": {
        "url": "https://google.com",
        "headers": {
          "Authorization": "Bearer ${AUTH}",
          "InvalidButExpanded": {
            "Nested": {
              "Field": "${CUSTOM_PATH}"
            }
          }
        }
      }
    }
  },
  "endpoints": [
    {
      "key": "${DEFAULT_URL:https://default.com/graphql}",
      "displayName": "https://default.com/graphql",
      "projectName": "default",
      "url": "https://default.com/graphql",
      "headers": {},
      "introspect": false
    },
    {
      "key": "https://google.com",
      "displayName": "https://google.com",
      "projectName": "default",
      "url": "https://google.com",
      "headers": {
        "Authorization": "Bearer 7FGD63HHDY373UFDSJF838FSNDFK3922WSJ99"
      },
      "introspect": false
    },
    {
      "key": "one",
      "displayName": "one",
      "projectName": "default",
      "url": "https://google.com",
      "headers": {
        "Authorization": "Bearer 7FGD63HHDY373UFDSJF838FSNDFK3922WSJ99",
        "InvalidButExpanded": {
          "Nested": {
            "Field": "/user/some/custom/path"
          }
        }
      },
      "introspect": null
    }
  ],
  "environmentVariables": {
    "CUSTOM_PATH": "/user/some/custom/path",
    "DEFAULT_URL": null,
    "WITH_DEFAULT": "not/default/anymore/file.graphql",
    "AUTH": "7FGD63HHDY373UFDSJF838FSNDFK3922WSJ99"
  }
}
