schema: '**/*.graphql'
documents:
  - '**/queries/*.graphql'
  - some/query/file.graphql
exclude: excluded/**
